[31m[1m>[0m [90m160 |[0m           {display === [32m'Error'[0m && (
[31m[1m>[0m [90m182 |[0m         {display !== [32m'0'[0m && display !== [32m'Error'[0m && (
