npm notice run toolboxhq@0.1.0 build
npm notice run next build
▲ Next.js 16.3.0 (Turbopack)
✓ Running next.config.ts took 26ms

  Creating an optimized production build ...
✓ Compiled successfully in 1456ms
  Running TypeScript ...
  Finished TypeScript in 1729ms ...
  Collecting page data using 7 workers ...
  Generating static pages using 7 workers (0/33) ...
  Generating static pages using 7 workers (8/33) 
  Generating static pages using 7 workers (16/33) 
  Generating static pages using 7 workers (24/33) 
✓ Generating static pages using 7 workers (33/33) in 476ms
  Finalizing page optimization ...

Route (app)
┌ ○ /
├ ○ /_not-found
├ ○ /about
├ ○ /contact
├ ○ /developer
├ ○ /developer/base64
├ ○ /developer/json-formatter
├ ○ /developer/json-validator
├ ○ /developer/regex-tester
├ ○ /developer/uuid-generator
├ ○ /documents
├ ○ /files
├ ○ /files/file-converter
├ ○ /files/image-compressor
├ ○ /files/image-resizer
├ ○ /files/jpg-to-png
├ ○ /files/pdf-merger
├ ○ /files/pdf-splitter
├ ○ /files/png-to-jpg
├ ○ /images
├ ○ /pdf
├ ○ /pdf-editor
├ ○ /pdf-editor/editor
├ ○ /pricing
├ ○ /privacy
├ ○ /robots.txt
├ ○ /sitemap.xml
├ ○ /students
├ ○ /utilities
├ ○ /utilities/qr-code-generator
└ ○ /utilities/unit-converter


○  (Static)  prerendered as static content

